[backblue.gif]
[fade.gif]
[index.html]
[cb44.net/index.html]
[nnko.org/index.html]
[bg444.net/index.html]
[bb111.org/index.html]
[977betbd.com/index.html]
[999-rp.com/index.html]
[cb333.org/index.html]
[pt-32.com/index.html]
[kb33.net/index.html]
[3666bd.net/index.html]
[52bb.org/index.html]
[kh444.net/index.html]
[win-rm.net/index.html]
[jd39.org/index.html]
[domainsc.com/index.html]
[jkt-ok.com/index.html]
[sl-99.net/index.html]
[sk-69.com/index.html]
[zawin.org/index.html]
[88ylf.net/index.html]
[done111.net/index.html]
[done333.net/index.html]
[done666.net/index.html]
[lfc8.org/index.html]
[kh-44.com/index.html]
[kk-678.net/index.html]
[jili-696.com/index.html]
[win-rm.org/index.html]
[cood111.com/index.html]
[5pg5.net/index.html]
[587bets.net/index.html]
[zebet.org/index.html]
[big321.org/index.html]
[rr44.net/index.html]
[ztztzt.net/index.html]
[rr-33.net/index.html]
[6666f.net/index.html]
[5yyy.net/index.html]
[qq-rp.com/index.html]
[9777dbt.net/index.html]
[g00d111.com/index.html]
[done777.org/index.html]
[byteshort.xyz/index.html]
[99-sl.net/index.html]
[zh66.net/index.html]
[77-rp.com/index.html]
[rilek77.net/index.html]
[hot888bdt.com/index.html]
[hot88bdt.com/index.html]
[rp-99.net/index.html]
[888fd.net/index.html]
[optimizeflow.top/index.html]
[rp-999.com/index.html]
[99-rp.com/index.html]
[66-rr.com/index.html]
[999-sl.com/index.html]
[luckybet-giris.net/index.html]
[55-rp.com/index.html]
[zc999.net/index.html]
[4777bd.org/index.html]
[977app.net/index.html]
[qrgacor.net/index.html]
[977bd.net/index.html]
[hot-880.net/index.html]
[good1111.net/index.html]
[555rp.net/index.html]
[97777bet.net/index.html]
[rp-yy.com/index.html]
[52-bb.net/index.html]
[977bdt.net/index.html]
[97777bd.net/index.html]
[timun-merah.net/index.html]
[jago-168.com/index.html]
[good11.net/index.html]
[za999.org/index.html]
[yum-66.net/index.html]
[bv777.org/index.html]
[xl999.net/index.html]
[9777bed.com/index.html]
[blingi.org/index.html]
[oro-bet.net/index.html]
[kw66.net/index.html]
[911jili.net/index.html]
[99xl.net/index.html]
[87777app.com/index.html]
[sr-999.net/index.html]
[go111.org/index.html]
[6666f.org/index.html]
[9777bd.org/index.html]
[win-63.com/index.html]
[8777ap.net/index.html]
[8777bit.com/index.html]
[good11.org/index.html]
[6777app.net/index.html]
[6777bd.org/index.html]
[877app.com/index.html]
[8777ap.com/index.html]
[cd999.org/index.html]
[cd99.net/index.html]
[ttjili.net/index.html]
[good111bdt.com/index.html]
[999-app.com/index.html]
[jjj-pk.net/index.html]
[88df.org/index.html]
[god111.net/index.html]
[zs99.net/index.html]
[gbd33.net/index.html]
[9777betbd.com/index.html]
[jjj-pk.com/index.html]
[87777bd.com/index.html]
[52-bb.org/index.html]
[no-ok.net/index.html]
[8777-app.com/index.html]
[yy-rrr.net/index.html]
[228win.net/index.html]
[87777bat.net/index.html]
[qq-win.net/index.html]
[da-69.net/index.html]
[9777bit.com/index.html]
[9777app.net/index.html]
[877bdt.com/index.html]
[zt999.net/index.html]
[8777bd.org/index.html]
[9777bat.net/index.html]
[8777-app.net/index.html]
[8777betbd.net/index.html]
[janji-33.net/index.html]
[888sl.net/index.html]
[kn66.net/index.html]
[8777bed.com/index.html]
[done555.org/index.html]
[db111.net/index.html]
[zm66.net/index.html]
[cg66.net/index.html]
[zs666.net/index.html]
[456bed.net/index.html]
[cd777.net/index.html]
[8777bdt.org/index.html]
[88-fa.com/index.html]
[kn777.net/index.html]
[dd-44.com/index.html]
[7zaz.com/index.html]
[kl66.net/index.html]
[555pp.net/index.html]
[pk-444.com/index.html]
[ct66.net/index.html]
[zs66.net/index.html]
[gb222.net/index.html]
[97777bdt.net/index.html]
[zu66.net/index.html]
[beturo-casino.com/index.html]
[6777bdt.org/index.html]
[byteshort.xyz/index.html]
[25fcom.com/index.html]
[gb44.net/index.html]
[pktk.org/index.html]
[676luck.net/index.html]
[sz999.org/index.html]
[voom-casino.com/index.html]
[zs888.org/index.html]
[gb33.net/index.html]
[zs555.net/index.html]
[gk99.net/index.html]
[15qcom.com/index.html]
[zs444.net/index.html]
[gb44.org/index.html]
[cb4444.com/index.html]
[5777-bit.com/index.html]
[tkpkbd.org/index.html]
[5777bit.com/index.html]
[456bed.com/index.html]
[pk-tk.com/index.html]
[optimizeflow.top/index.html]
[cf66.net/index.html]
[no-ok.org/index.html]
[cb33.org/index.html]
[cl66.net/index.html]
[pk-tk.net/index.html]
[6777-bed.com/index.html]
[6777bed.net/index.html]
[cbajee.org/index.html]
[tkok.org/index.html]
[baji20.com/index.html]
[tp555.org/index.html]
[bw666.org/index.html]
[93d.org/index.html]
[luckybet-giris.net/index.html]
[677bd.net/index.html]
[cb444.net/index.html]
[6777bat.com/index.html]
[6777det.net/index.html]
[111bd.org/index.html]
[677bdt.com/index.html]
[333bmw.org/index.html]
[globalecommerce.org/index.html]
[2g777.net/index.html]
[6777bd.net/index.html]
[9777-bet.net/index.html]
[zs99.org/index.html]
[8777bd.net/index.html]
[4777-det.com/index.html]
[9777bd.net/index.html]
[8777-bet.net/index.html]
[9777bdt.net/index.html]
[8777bdt.net/index.html]
[5777-det.com/index.html]
[musweb.org/index.html]
[zi66.net/index.html]
[dd333.org/index.html]
[zo66.net/index.html]
[nn-ok.com/index.html]
[6777-bet.net/index.html]
[5777bat.com/index.html]
[5777bed.com/index.html]
[zc66.org/index.html]
[6777-bet.org/index.html]
[555qqq.org/index.html]
[6777bdt.net/index.html]
[zp66.net/index.html]
[555-qq.net/index.html]
[hbaji.org/index.html]
[4777bdt.org/index.html]
[4777det.com/index.html]
[tbaji.org/index.html]
[zg66.org/index.html]
[477bdt.com/index.html]
[456-bd.net/index.html]
[5777det.com/index.html]
[55-qq.com/index.html]
[477bd.net/index.html]
[456bdbet.com/index.html]
[master-77.com/index.html]
[vip-177.net/index.html]
[ke66.org/index.html]
[bd456.org/index.html]
[kr66.net/index.html]
[baji200.net/index.html]
[cx66.net/index.html]
[zv66.net/index.html]
[indians.cc/index.html]
[ct99game.com/index.html]
[4777bdt.net/index.html]
[ci66.net/index.html]
[cz66.net/index.html]
[177vip.net/index.html]
[ab99.org/index.html]
[ce66.net/index.html]
[ak555.org/index.html]
[5777a.net/index.html]
[cu66.net/index.html]
[kp66.net/index.html]
[577bdt.net/index.html]
[277bd.org/index.html]
[ze66.net/index.html]
[bb222.org/index.html]
[4777-bet.net/index.html]
[ct99-game.com/index.html]
[4777bd.net/index.html]
[ba9999.org/index.html]
[5777-bdt.org/index.html]
[5777com.com/index.html]
[kg222.net/index.html]
[ct99pk.com/index.html]
[zr66.net/index.html]
[risikocasino.net/index.html]
[obmain.com/feed/index.html]
[obmain.com/comments/feed/index.html]
[obmain.com/wp-includes/js/jquery/jquery.minf43b.js]
[obmain.com/wp-includes/js/jquery/jquery-migrate.min5589.js]
[obmain.com/xmlrpc0db0.php]
[obmain.com/wp-json/index.html]
[obmain.com/wp-content/themes/hitmag/js/navigationc2d0.js]
[obmain.com/wp-content/themes/hitmag/js/skip-link-focus-fixc2d0.js]
[obmain.com/wp-content/themes/hitmag/js/scriptsc2d0.js]
[obmain.com/index.html]
[ak66.org/index.html]
[d71com.com/index.html]
[ak222.net/index.html]
[kgzxkf.com/feed/index.html]
[kgzxkf.com/comments/feed/index.html]
[kgzxkf.com/wp-includes/js/jquery/jquery.minf43b.js]
[kgzxkf.com/wp-includes/js/jquery/jquery-migrate.min5589.js]
[kgzxkf.com/xmlrpc0db0.php]
[kgzxkf.com/wp-json/index.html]
[kgzxkf.com/wp-content/themes/hitmag/js/navigationc2d0.js]
[kgzxkf.com/wp-content/themes/hitmag/js/skip-link-focus-fixc2d0.js]
[kgzxkf.com/wp-content/themes/hitmag/js/scriptsc2d0.js]
[kgzxkf.com/index.html]
[getwebsiteworth.com/index.html]
[zy66.net/index.html]
[vip1777.net/index.html]
[8r888.net/index.html]
[vip-177.com/index.html]
[8z888.net/index.html]
[888ef.org/index.html]
[d71-game.com/index.html]
[d71-bd.com/index.html]
[ctg77.net/index.html]
[vlp177.com/index.html]
[ctg777.net/index.html]
[2222vip.org/index.html]
[zi777.net/index.html]
[zu777.net/index.html]
[22-bd.net/index.html]
[kassuuu.org/index.html]
[8q888.net/index.html]
[8u888.org/index.html]
[ubajee.net/index.html]
[88fe.net/index.html]
[b444.net/index.html]
[dragonia-fi.net/index.html]
[1777bdt.net/index.html]
[db666.org/index.html]
[obmain.com/wp-includes/fonts/dashicons7d4b.eot]
[obmain.com/wp-includes/fonts/dashicons7d4b.ttf]
[obmain.com/wp-includes/css/dashicons.minb34e.css]
[obmain.com/wp-includes/css/admin-bar.minb34e.css]
[obmain.com/wp-content/themes/hitmag/fonts/lato-regular-latin-ext-italic.woff2]
[obmain.com/wp-content/themes/hitmag/fonts/lato-regular-latin-italic.woff2]
[obmain.com/wp-content/themes/hitmag/fonts/lato-bold-latin-ext-italic.woff2]
[obmain.com/wp-content/themes/hitmag/fonts/lato-bold-latin-italic.woff2]
[obmain.com/wp-content/themes/hitmag/fonts/lato-regular-latin-ext.woff2]
[obmain.com/wp-content/themes/hitmag/fonts/lato-regular-latin.woff2]
[obmain.com/wp-content/themes/hitmag/fonts/lato-bold-latin-ext.woff2]
[obmain.com/wp-content/themes/hitmag/fonts/lato-bold-latin.woff2]
[obmain.com/wp-content/themes/hitmag/fonts/ubuntu-regular-webfont.woff2]
[obmain.com/wp-content/themes/hitmag/fonts/ubuntu-medium-webfont.woff2]
[obmain.com/wp-content/themes/hitmag/fonts/ubuntu-bold-webfont.woff2]
[obmain.com/wp-content/themes/hitmag/fonts/opensans-regular-webfont.woff2]
[obmain.com/wp-content/themes/hitmag/fonts/opensans-italic-webfont.woff2]
[obmain.com/wp-content/themes/hitmag/fonts/opensans-bold-webfont.woff2]
[obmain.com/wp-content/themes/hitmag/css/fonts.css]
[obmain.com/wp-content/themes/hitmag/fonts/fa-brands-400.woff2]
[obmain.com/wp-content/themes/hitmag/fonts/fa-brands-400.ttf]
[obmain.com/wp-content/themes/hitmag/fonts/fa-regular-400.woff2]
[obmain.com/wp-content/themes/hitmag/fonts/fa-regular-400.ttf]
[obmain.com/wp-content/themes/hitmag/fonts/fa-solid-900.woff2]
[obmain.com/wp-content/themes/hitmag/fonts/fa-solid-900.ttf]
[obmain.com/wp-content/themes/hitmag/fonts/fa-v4compatibility.woff2]
[obmain.com/wp-content/themes/hitmag/fonts/fa-v4compatibility.ttf]
[obmain.com/wp-content/themes/hitmag/css/all.mind3c7.css]
[obmain.com/wp-content/themes/hitmag/stylec2d0.css]
[obmain.com/wp-json/oembed/1.0/embed220e.json]
[obmain.com/wp-json/oembed/1.0/embed4397]
[obmain.com/wp-json/wp/v2/pages/9.json]
[obmain.com/wp-content/themes/hitmag/js/jquery.magnific-popup.minb34e.js]
[obmain.com/guest-post-add-my-site/index.html]
[kgzxkf.com/wp-includes/fonts/dashicons7d4b.eot]
[kgzxkf.com/wp-includes/fonts/dashicons7d4b.ttf]
[kgzxkf.com/wp-includes/css/dashicons.minb34e.css]
[kgzxkf.com/wp-includes/css/admin-bar.minb34e.css]
[kgzxkf.com/wp-content/themes/hitmag/fonts/lato-regular-latin-ext-italic.woff2]
[kgzxkf.com/wp-content/themes/hitmag/fonts/lato-regular-latin-italic.woff2]
[kgzxkf.com/wp-content/themes/hitmag/fonts/lato-bold-latin-ext-italic.woff2]
[kgzxkf.com/wp-content/themes/hitmag/fonts/lato-bold-latin-italic.woff2]
[kgzxkf.com/wp-content/themes/hitmag/fonts/lato-regular-latin-ext.woff2]
[kgzxkf.com/wp-content/themes/hitmag/fonts/lato-regular-latin.woff2]
[kgzxkf.com/wp-content/themes/hitmag/fonts/lato-bold-latin-ext.woff2]
[kgzxkf.com/wp-content/themes/hitmag/fonts/lato-bold-latin.woff2]
[kgzxkf.com/wp-content/themes/hitmag/fonts/ubuntu-regular-webfont.woff2]
[kgzxkf.com/wp-content/themes/hitmag/fonts/ubuntu-medium-webfont.woff2]
[kgzxkf.com/wp-content/themes/hitmag/fonts/ubuntu-bold-webfont.woff2]
[kgzxkf.com/wp-content/themes/hitmag/fonts/opensans-regular-webfont.woff2]
[kgzxkf.com/wp-content/themes/hitmag/fonts/opensans-italic-webfont.woff2]
[kgzxkf.com/wp-content/themes/hitmag/fonts/opensans-bold-webfont.woff2]
[kgzxkf.com/wp-content/themes/hitmag/css/fonts.css]
[kgzxkf.com/wp-content/themes/hitmag/fonts/fa-brands-400.woff2]
[kgzxkf.com/wp-content/themes/hitmag/fonts/fa-brands-400.ttf]
[kgzxkf.com/wp-content/themes/hitmag/fonts/fa-regular-400.woff2]
[kgzxkf.com/wp-content/themes/hitmag/fonts/fa-regular-400.ttf]
[kgzxkf.com/wp-content/themes/hitmag/fonts/fa-solid-900.woff2]
[kgzxkf.com/wp-content/themes/hitmag/fonts/fa-solid-900.ttf]
[kgzxkf.com/wp-content/themes/hitmag/fonts/fa-v4compatibility.woff2]
[kgzxkf.com/wp-content/themes/hitmag/fonts/fa-v4compatibility.ttf]
[kgzxkf.com/wp-content/themes/hitmag/css/all.mind3c7.css]
[kgzxkf.com/wp-content/themes/hitmag/stylec2d0.css]
[kgzxkf.com/wp-json/oembed/1.0/embed4f2d.json]
[kgzxkf.com/wp-json/oembed/1.0/embed64f7]
[kgzxkf.com/wp-json/wp/v2/pages/9.json]
[kgzxkf.com/wp-content/themes/hitmag/js/jquery.magnific-popup.minb34e.js]
[kgzxkf.com/guest-post-add-my-site/index.html]
[obmain.com/wp-content/themes/hitmag/css/magnific-popupb34e.css]
[obmain.com/indexb5fb.html]
[kgzxkf.com/wp-content/themes/hitmag/css/magnific-popupb34e.css]
[kgzxkf.com/indexb5fb.html]
