[399-bet.net/app.html]
[zg66.org/index.html]
[4777det.com/index.html]
[477bdt.com/index.html]
[cv33.org/en.html]
[kg222.net/index.html]
[ct99pk.com/index.html]
[tbaji.org/index.html]
[kbaje.com/index.html]
[tap-555.com/index.html]
[tap555.net/index.html]
[66zk.net/index.html]
[backblue.gif]
[fade.gif]
[index.html]
[5777-bed.com/index.html]
[677bed.com/index.html]
[zg66.org/fonts/font-awesome-4.7.0/css/font-awesome.min.css]
[89-bd.org/index.html]
[zg66.org/assets/main-CUt0Yujw.js]
[ok-club.net/index.html]
[zg66.org/index.html]
[zg66.org/assets/main-CvpAHImK.css]
[mv-777.com/index.html]
[amazon-casino.net/index.html]
[ibet.biz/index.html]
[477bdt.com/fonts/font-awesome-4.7.0/css/font-awesome.min.css]
[loco777.org/index.html]
[aviatorjlbd.com/index.html]
[tk-222.com/index.html]
[bdt234bet.com/index.html]
[477bdt.com/assets/main-Z6WGistr.js]
[477bdt.com/index.html]
[bdtk3.net/index.html]
[477bdt.com/assets/main-B0U6_-8l.css]
[hhbd.bet/index.html]
[ek-222.com/index.html]
[4777det.com/fonts/font-awesome-4.7.0/css/font-awesome.min.css]
[4777det.com/assets/main-BwHQkKqS.js]
[4777det.com/index.html]
[4777det.com/assets/main-DtvLl8FG.css]
[tbaji.org/fonts/font-awesome-4.7.0/css/font-awesome.min.css]
[tbaji.org/assets/main-BHS7u-BP.js]
[tbaji.org/index.html]
[tbaji.org/assets/main-DXG6BXJB.css]
[kg222.net/fonts/font-awesome-4.7.0/css/font-awesome.min.css]
[kg222.net/assets/main-fcCvUadP.js]
[kg222.net/index.html]
[kg222.net/assets/main-BECU6Q2W.css]
[ct99pk.com/fonts/font-awesome-4.7.0/css/font-awesome.min.css]
[ct99pk.com/assets/main-BOt5iPRo.js]
[ct99pk.com/index.html]
[ct99pk.com/assets/main-DH1vqryf.css]
[399-bet.net/fonts/font-awesome-4.7.0/css/font-awesome.min.css]
[399-bet.net/assets/main-CRZlpiiW.js]
[399-bet.net/app.html]
[399-bet.net/assets/main-R9do1g6m.css]
[kbaje.com/fonts/font-awesome-4.7.0/css/font-awesome.min.css]
[kbaje.com/assets/main-CHX3QGUL.js]
[kbaje.com/index.html]
[kbaje.com/assets/main-C385-X0J.css]
[tap555.net/images/favicon.ico]
[tap555.net/css/all.min.css]
[tap555.net/css/jet-blocks.css]
[tap555.net/css/frontend-lite.min.css]
[tap555.net/css/global.css]
[tap555.net/css/post-1544.css]
[tap555.net/css/style.min_1.css]
[tap555.net/index-2.html]
[tap555.net/images/logo.png]
[tap555.net/sports.html]
[tap555.net/login.html]
[tap555.net/app.html]
[tap555.net/casino.html]
[tap555.net/bonus.html]
[tap555.net/images/Index 1.jpg]
[tap555.net/images/Index 2.jpg]
[tap555.net/images/Index 3.jpg]
[tap555.net/images/Index 4.jpg]
[tap555.net/images/Index 5.jpg]
[tap555.net/index.html]
[tap555.net/js/script.js]
[tap-555.com/favicon/favicon.ico]
[tap-555.com/favicon/favicon-32x32.png]
[tap-555.com/favicon/apple-touch-icon.png]
[tap-555.com/favicon/favicon-16x16.png]
[tap-555.com/favicon/site.webmanifest]
[tap-555.com/assets/index-Db2GM88n.js]
[tap-555.com/index.html]
[tap-555.com/assets/index-CWf3PPDX.css]
[66zk.net/favicon.svg]
[66zk.net/css/style.css]
[66zk.net/index-2.html]
[66zk.net/games.html]
[66zk.net/bonus.html]
[66zk.net/app.html]
[66zk.net/login.html]
[66zk.net/images/hero.svg]
[66zk.net/images/game1.svg]
[66zk.net/images/game2.svg]
[66zk.net/images/game3.svg]
[66zk.net/images/game4.svg]
[66zk.net/images/game5.svg]
[66zk.net/images/game6.svg]
[66zk.net/images/slots.svg]
[66zk.net/index.html]
[66zk.net/images/live.svg]
[677bed.com/fonts/font-awesome-4.7.0/css/font-awesome.min.css]
[677bed.com/assets/main-CVlS2-yX.js]
[677bed.com/assets/main-Bwy83gTk.css]
[677bed.com/cdn-cgi/content9bf7.html]
[677bed.com/index.html]
[677bed.com/cdn-cgi/challenge-platform/h/g/scripts/jsd/ea2d291c0fdc/maind41d.js]
[5777-bed.com/fonts/font-awesome-4.7.0/css/font-awesome.min.css]
[5777-bed.com/assets/main-ByHgN984.js]
[5777-bed.com/index.html]
[5777-bed.com/assets/main-Bwy83gTk.css]
[89-bd.org/images/favicon.ico]
[89-bd.org/css/style.min.css]
[89-bd.org/css/all.min.css]
[89-bd.org/css/public.css]
[89-bd.org/css/jet-popup-frontend.css]
[89-bd.org/css/jet-blocks.css]
[89-bd.org/css/post-5.css]
[89-bd.org/css/frontend-lite.min.css]
[89-bd.org/css/jet-blog.css]
[89-bd.org/css/jet-tabs-frontend.css]
[89-bd.org/css/jet-tricks-frontend.css]
[89-bd.org/css/all.min_1.css]
[89-bd.org/css/global.css]
[89-bd.org/css/post-1544.css]
[89-bd.org/css/style.min_1.css]
[89-bd.org/css/solid.min.css]
[89-bd.org/index-2.html]
[89-bd.org/images/logo.png]
[89-bd.org/sports.html]
[89-bd.org/login.html]
[89-bd.org/app.html]
[89-bd.org/casino.html]
[89-bd.org/bonus.html]
[89-bd.org/slots.html]
[89-bd.org/games.html]
[89-bd.org/aviator.html]
[89-bd.org/89BD.apk]
[89-bd.org/images/Index 1.jpg]
[89-bd.org/images/Index 2.jpg]
[89-bd.org/images/Index 3.jpg]
[89-bd.org/index.html]
[89-bd.org/js/script.js]
[89-bd.org/images/Index 4.jpg]
[ok-club.net/favicon.svg]
[ok-club.net/css/style.css]
[ok-club.net/index-2.html]
[ok-club.net/juegos.html]
[ok-club.net/bonos.html]
[ok-club.net/app.html]
[ok-club.net/login.html]
[ok-club.net/img/slot1.svg]
[ok-club.net/img/slot2.svg]
[ok-club.net/img/slot3.svg]
[ok-club.net/img/slot4.svg]
[ok-club.net/img/slot5.svg]
[ok-club.net/index.html]
[ok-club.net/img/slot6.svg]
[ramadanbd.com/index.html]
[418bet8.net/index.html]
[cv33.org/fonts/Anybody-Regular.woff2]
[cv33.org/fonts/Anybody-SemiBold.woff2]
[cv33.org/fonts/Anybody-Bold.woff2]
[cv33.org/favicons/favicon.ico]
[cv33.org/favicons/favicon-16x16.png]
[cv33.org/favicons/favicon-32x32.png]
[cv33.org/favicons/favicon-48x48.png]
[cv33.org/favicons/manifest.webmanifest]
[cv33.org/favicons/apple-touch-icon-57x57.png]
[cv33.org/favicons/apple-touch-icon-60x60.png]
[cv33.org/favicons/apple-touch-icon-72x72.png]
[cv33.org/favicons/apple-touch-icon-76x76.png]
[cv33.org/favicons/apple-touch-icon-114x114.png]
[cv33.org/favicons/apple-touch-icon-120x120.png]
[cv33.org/favicons/apple-touch-icon-144x144.png]
[cv33.org/favicons/apple-touch-icon-152x152.png]
[cv33.org/favicons/apple-touch-icon-167x167.png]
[cv33.org/favicons/apple-touch-icon-180x180.png]
[cv33.org/favicons/apple-touch-icon-1024x1024.png]
[cv33.org/favicons/mstile-144x144.png]
[cv33.org/favicons/browserconfig.xml]
[cv33.org/assets/index-1V77DRi2.js]
[cv33.org/assets/i18next-DUYiKClA.js]
[cv33.org/assets/index-Dix9HzF8.css]
[cv33.org/assets/vendor-CW6dPCvy.js]
[cv33.org/cdn-cgi/content55b9.html]
[cv33.org/en.html]
[cv33.org/cdn-cgi/challenge-platform/h/g/scripts/jsd/ea2d291c0fdc/maind41d.js]
[mv-777.com/fonts/Anybody-Regular.woff2]
[mv-777.com/fonts/Anybody-SemiBold.woff2]
[mv-777.com/fonts/Anybody-Bold.woff2]
[mv-777.com/fonts/Anybody-Regular.woff]
[mv-777.com/fonts/Anybody-SemiBold.woff]
[mv-777.com/fonts/Anybody-Bold.woff]
[mv-777.com/favicons/favicon.ico]
[mv-777.com/favicons/favicon-16x16.png]
[mv-777.com/favicons/favicon-32x32.png]
[mv-777.com/favicons/favicon-48x48.png]
[mv-777.com/favicons/manifest.webmanifest]
[mv-777.com/favicons/apple-touch-icon-57x57.png]
[mv-777.com/favicons/apple-touch-icon-60x60.png]
[mv-777.com/favicons/apple-touch-icon-72x72.png]
[mv-777.com/favicons/apple-touch-icon-76x76.png]
[mv-777.com/favicons/apple-touch-icon-114x114.png]
[mv-777.com/favicons/apple-touch-icon-120x120.png]
[mv-777.com/favicons/apple-touch-icon-144x144.png]
[mv-777.com/favicons/apple-touch-icon-152x152.png]
[mv-777.com/favicons/apple-touch-icon-167x167.png]
[mv-777.com/favicons/apple-touch-icon-180x180.png]
[mv-777.com/favicons/apple-touch-icon-1024x1024.png]
[mv-777.com/assets/index-BdwrEgt9.js]
[mv-777.com/assets/vendor-BFvmQckr.js]
[mv-777.com/assets/tanstack-DM-7lnQu.js]
[mv-777.com/assets/i18next-dbFUlwEI.js]
[mv-777.com/assets/axios-B9ygI19o.js]
[mv-777.com/assets/index-DnnRdDBU.css]
[mv-777.com/cdn-cgi/content4ca1.html]
[mv-777.com/index.html]
[mv-777.com/cdn-cgi/challenge-platform/h/g/scripts/jsd/ea2d291c0fdc/maind41d.js]
[777taka.net/index.html]
[amazon-casino.net/fonts/MPLUSRounded1c-Regular.woff2]
[amazon-casino.net/fonts/MPLUSRounded1c-Medium.woff2]
[amazon-casino.net/fonts/MPLUSRounded1c-Bold.woff2]
[amazon-casino.net/fonts/MPLUSRounded1c-Regular.woff]
[amazon-casino.net/fonts/MPLUSRounded1c-Medium.woff]
[amazon-casino.net/fonts/MPLUSRounded1c-Bold.woff]
[amazon-casino.net/favicons/favicon.ico]
[amazon-casino.net/favicons/favicon-16x16.png]
[amazon-casino.net/favicons/favicon-32x32.png]
[amazon-casino.net/favicons/favicon-48x48.png]
[amazon-casino.net/favicons/manifest.webmanifest]
[amazon-casino.net/favicons/apple-touch-icon-57x57.png]
[amazon-casino.net/favicons/apple-touch-icon-60x60.png]
[amazon-casino.net/favicons/apple-touch-icon-72x72.png]
[amazon-casino.net/favicons/apple-touch-icon-76x76.png]
[amazon-casino.net/favicons/apple-touch-icon-114x114.png]
[amazon-casino.net/favicons/apple-touch-icon-120x120.png]
[amazon-casino.net/favicons/apple-touch-icon-144x144.png]
[amazon-casino.net/favicons/apple-touch-icon-152x152.png]
[amazon-casino.net/favicons/apple-touch-icon-167x167.png]
[amazon-casino.net/favicons/apple-touch-icon-180x180.png]
[amazon-casino.net/favicons/apple-touch-icon-1024x1024.png]
[amazon-casino.net/assets/vendor-BvPYq6LV.js]
[amazon-casino.net/assets/tanstack-EsMR9xUx.js]
[amazon-casino.net/assets/i18next-EwtLF0ig.js]
[amazon-casino.net/assets/axios-B9ygI19o.js]
[amazon-casino.net/assets/index-C_63QaB8.js]
[amazon-casino.net/assets/index-CnhcArd9.css]
[amazon-casino.net/cdn-cgi/contente957.html]
[amazon-casino.net/index.html]
[amazon-casino.net/cdn-cgi/challenge-platform/h/g/scripts/jsd/ea2d291c0fdc/maind41d.js]
[ibet.biz/favicon.ico]
[ibet.biz/assets/index-Bblp-BND.js]
[ibet.biz/assets/index-mYuFdeKZ.css]
[ibet.biz/cdn-cgi/contentf1c2.html]
[ibet.biz/index.html]
[ibet.biz/cdn-cgi/challenge-platform/h/g/scripts/jsd/ea2d291c0fdc/maind41d.js]
[loco777.org/favicons/favicon.ico]
[loco777.org/favicons/favicon-16x16.png]
[loco777.org/favicons/favicon-32x32.png]
[loco777.org/favicons/favicon-48x48.png]
[loco777.org/favicons/manifest.webmanifest]
[loco777.org/favicons/apple-touch-icon-57x57.png]
[loco777.org/favicons/apple-touch-icon-60x60.png]
[loco777.org/favicons/apple-touch-icon-72x72.png]
[loco777.org/favicons/apple-touch-icon-76x76.png]
[loco777.org/favicons/apple-touch-icon-114x114.png]
[loco777.org/favicons/apple-touch-icon-120x120.png]
[loco777.org/favicons/apple-touch-icon-144x144.png]
[loco777.org/favicons/apple-touch-icon-152x152.png]
[loco777.org/favicons/apple-touch-icon-167x167.png]
[loco777.org/favicons/apple-touch-icon-180x180.png]
[loco777.org/favicons/apple-touch-icon-1024x1024.png]
[loco777.org/favicons/mstile-144x144.png]
[loco777.org/favicons/browserconfig.xml]
[loco777.org/assets/index-DWuIF_RX.js]
[loco777.org/assets/vendor-BUT4amp6.js]
[loco777.org/assets/tanstack-BcSmYph0.js]
[loco777.org/assets/i18next-CfF8AA1F.js]
[loco777.org/assets/axios-ngrFHoWO.js]
[loco777.org/assets/index-Dr6GD_oh.css]
[loco777.org/cdn-cgi/content588c.html]
[loco777.org/index.html]
[loco777.org/cdn-cgi/challenge-platform/h/g/scripts/jsd/ea2d291c0fdc/maind41d.js]
[aviatorjlbd.com/img/favicon/favicon.ico]
[aviatorjlbd.com/img/favicon/apple-touch-icon.png]
[aviatorjlbd.com/img/favicon/site.webmanifest]
[aviatorjlbd.com/_next/static/css/629e093cb5e37ba0.css]
[aviatorjlbd.com/_next/static/css/edbb21cf458f87b0.css]
[aviatorjlbd.com/_next/static/chunks/polyfills-42372ed130431b0a.js]
[aviatorjlbd.com/_next/static/chunks/webpack-ee7e63bc15b31913.js]
[aviatorjlbd.com/_next/static/chunks/framework-64ad27b21261a9ce.js]
[aviatorjlbd.com/_next/static/chunks/main-52df58d34cbe576a.js]
[aviatorjlbd.com/_next/static/chunks/pages/_app-0476dee8f149b79f.js]
[aviatorjlbd.com/_next/static/chunks/c16184b3-670daec16503725f.js]
[aviatorjlbd.com/_next/static/chunks/390-cce765a1f19c6903.js]
[aviatorjlbd.com/_next/static/GG7T-gzRtj7-W-3DwVrbC/_buildManifest.js]
[aviatorjlbd.com/_next/static/chunks/pages/index-72416957ecd901bf.js]
[aviatorjlbd.com/_next/static/GG7T-gzRtj7-W-3DwVrbC/_ssgManifest.js]
[aviatorjlbd.com/img/logo/logo.webp]
[aviatorjlbd.com/how-to-register.html]
[aviatorjlbd.com/app.html]
[aviatorjlbd.com/games.html]
[aviatorjlbd.com/slots.html]
[aviatorjlbd.com/bonus.html]
[aviatorjlbd.com/betting.html]
[aviatorjlbd.com/aviator.html]
[aviatorjlbd.com/live-casino.html]
[aviatorjlbd.com/gates-of-olympus.html]
[aviatorjlbd.com/aviamasters.html]
[aviatorjlbd.com/chicken-plinko.html]
[aviatorjlbd.com/sweet-bonanza.html]
[aviatorjlbd.com/img/Home/fox-girl-slots-welcome-800.webp]
[aviatorjlbd.com/img/Home/white-fox-mascot-800.webp]
[aviatorjlbd.com/img/Home/ganesha-fortune-banner-800.webp]
[aviatorjlbd.com/index.html]
[bdt234bet.com/css/main.css]
[bdt234bet.com/js/main.js]
[bdt234bet.com/css/marquee.css]
[bdt234bet.com/css/games-pic.css]
[bdt234bet.com/css/floating-button.css]
[cdnjs.cloudflare.com/ajax/libs/font-awesome/6.4.0/css/all.min.css]
[cdn.jsdelivr.net/npm/swiper@11/swiper-bundle.min.css]
[bdt234bet.com/img/favicon.png]
[bdt234bet.com/index-2.html]
[bdt234bet.com/img/logo.png]
[bdt234bet.com/how-to-register.html]
[bdt234bet.com/app.html]
[bdt234bet.com/games.html]
[bdt234bet.com/slots.html]
[bdt234bet.com/bonus.html]
[bdt234bet.com/betting.html]
[bdt234bet.com/aviator.html]
[bdt234bet.com/live-casino.html]
[bdt234bet.com/img/slider/bdt234-second-deposit-bonus-promo-bengali-1200.webp]
[bdt234bet.com/img/slider/bdt234-new-member-30-day-growth-plan-promo-1200.webp]
[bdt234bet.com/img/slider/bdt234-first-deposit-lucky-draw-bonus-promo-1200.webp]
[bdt234bet.com/img/slider/bdt234-vip-upgrade-bonus-lifetime-benefits-promo-1200.webp]
[bdt234bet.com/img/home/woman-holding-cards-with-poker-chips-800.webp]
[bdt234bet.com/gamesdfaf.html]
[bdt234bet.com/img/home/woman-posing-by-glowing-slot-machine-800.webp]
[bdt234bet.com/img/home/woman-in-red-robe-at-casino-800.webp]
[cdn.jsdelivr.net/npm/swiper@11/swiper-bundle.min.js]
[bdt234bet.com/js/marquee.js]
[bdt234bet.com/js/games-pic.js]
[bdt234bet.com/index.html]
[bdt234bet.com/js/floating-button.js]
[tk-222.com/favicon.ico]
[tk-222.com/static/picture/a3.jpg]
[tk-222.com/static/css/all.min.css]
[tk-222.com/static/css/style.css]
[tk-222.com/index-2.html]
[tk-222.com/static/picture/logo.webp]
[tk-222.com/casino.html]
[tk-222.com/slots.html]
[tk-222.com/games.html]
[tk-222.com/bet.html]
[tk-222.com/login.html]
[tk-222.com/bonuses.html]
[tk-222.com/app.html]
[tk-222.com/aviator.html]
[tk-222.com/static/picture/avia.svg]
[tk-222.com/crazy-time.html]
[tk-222.com/static/picture/wheel.webp]
[tk-222.com/2MkF6sc.html]
[tk-222.com/static/picture/a2.webp]
[tk-222.com/static/picture/a4.png]
[tk-222.com/static/picture/a5.png]
[tk-222.com/static/picture/a6.png]
[tk-222.com/static/picture/a7.png]
[tk-222.com/static/picture/a8.png]
[tk-222.com/static/picture/a9.png]
[tk-222.com/static/picture/a4.jpg]
[tk-222.com/static/picture/a5.avif]
[k-x8.com/static/js/BD-casino.js]
[tk-222.com/static/picture/be-gamble-aware.svg]
[tk-222.com/static/picture/visa.jpg]
[tk-222.com/static/picture/gambling-therapy (1).svg]
[tk-222.com/static/picture/master.png]
[tk-222.com/static/picture/bkash2848.jpg]
[tk-222.com/static/picture/Nagad-Logo.wine.png]
[tk-222.com/static/picture/Rocket_mobile_banking_logo.svg.png]
[tk-222.com/static/picture/t_bitcoin-sv-bsv5422.jpg]
[tk-222.com/static/picture/Tether_(cryptocurrency)-Logo.wine.png]
[tk-222.com/static/picture/ethereum-icon5964.jpg]
[tk-222.com/static/picture/standard-chartered-bank-new-20211713.jpg]
[sdk.51.la/js-sdk-pro.min.js]
[tk-222.com/static/js/script.js]
[tk-222.com/static/js/header.js]
[tk-222.com/static/js/home.js]
[tk-222.com/index.html]
[tk-222.com/cdn-cgi/challenge-platform/h/g/scripts/jsd/ea2d291c0fdc/maind41d.js]
[bdtk3.net/favicon.png]
[bdtk3.net/fonts/Roboto-Regular.woff2]
[bdtk3.net/static/js/main.513eecae.js]
[bdtk3.net/static/css/main.5f786b21.css]
[bdtk3.net/cdn-cgi/contenta36c.html]
[bdtk3.net/index.html]
[bdtk3.net/cdn-cgi/challenge-platform/h/g/scripts/jsd/ea2d291c0fdc/maind41d.js]
[ek-222.com/favicon.ico]
[ek-222.com/static/css/all.min.css]
[ek-222.com/static/css/style.css]
[ek-222.com/static/picture/logo.webp]
[ek-222.com/casino.html]
[ek-222.com/slots.html]
[ek-222.com/games.html]
[ek-222.com/bet.html]
[ek-222.com/login.html]
[ek-222.com/app.html]
[ek-222.com/bonuses.html]
[ek-222.com/aviator.html]
[ek-222.com/static/picture/avia.svg]
[ek-222.com/static/picture/wheel.webp]
[ek-222.com/crazy-time.html]
[ek-222.com/2MkF6sc.html]
[ek-222.com/static/picture/a2.webp]
[ek-222.com/static/picture/a4.png]
[ek-222.com/static/picture/a5.png]
[ek-222.com/static/picture/a6.png]
[ek-222.com/static/picture/a7.png]
[ek-222.com/static/picture/a8.png]
[ek-222.com/static/picture/a9.png]
[ek-222.com/static/picture/a3.jpg]
[ek-222.com/static/picture/a4.jpg]
[ek-222.com/static/picture/a5.avif]
[ek-222.com/static/picture/be-gamble-aware.svg]
[ek-222.com/static/picture/gambling-therapy (1).svg]
[ek-222.com/static/picture/visa.jpg]
[ek-222.com/static/picture/master.png]
[ek-222.com/static/picture/bkash2848.jpg]
[ek-222.com/static/picture/Nagad-Logo.wine.png]
[ek-222.com/static/picture/Rocket_mobile_banking_logo.svg.png]
[ek-222.com/static/picture/t_bitcoin-sv-bsv5422.jpg]
[ek-222.com/static/picture/Tether_(cryptocurrency)-Logo.wine.png]
[ek-222.com/static/picture/ethereum-icon5964.jpg]
[ek-222.com/static/picture/standard-chartered-bank-new-20211713.jpg]
[ek-222.com/static/js/script.js]
[ek-222.com/static/js/header.js]
[ek-222.com/static/js/home.js]
[ek-222.com/index.html]
[ek-222.com/cdn-cgi/challenge-platform/h/g/scripts/jsd/ea2d291c0fdc/maind41d.js]
[hhbd.bet/favicon.png]
[hhbd.bet/assets/fonts/OpenSans-Regular.html]
[hhbd.bet/assets/index-CiUT1AIi.js]
[hhbd.bet/assets/vendor-BRWzgkBy.js]
[hhbd.bet/assets/index-zZQMUy-e.css]
[hhbd.bet/assets/banner-600-B-gPd9eC.webp]
[hhbd.bet/index.html]
[zg66.org/fonts/font-awesome-4.7.0/fonts/fontawesome-webfont3e6e.eot]
[zg66.org/fonts/font-awesome-4.7.0/fonts/fontawesome-webfontd41d.eot]
[zg66.org/fonts/font-awesome-4.7.0/fonts/fontawesome-webfont3e6e.woff2]
[zg66.org/fonts/font-awesome-4.7.0/fonts/fontawesome-webfont3e6e.woff]
[zg66.org/fonts/font-awesome-4.7.0/fonts/fontawesome-webfont3e6e.ttf]
[zg66.org/fonts/font-awesome-4.7.0/css/font-awesome.min.css]
[zg66.org/fonts/font-awesome-4.7.0/fonts/fontawesome-webfont3e6e.svg]
[zg66.org/fonts/Anybody-VariableFont.ttf]
[zg66.org/assets/main-CvpAHImK.css]
[477bdt.com/fonts/font-awesome-4.7.0/fonts/fontawesome-webfont3e6e.eot]
[477bdt.com/fonts/font-awesome-4.7.0/fonts/fontawesome-webfontd41d.eot]
[477bdt.com/fonts/font-awesome-4.7.0/fonts/fontawesome-webfont3e6e.woff2]
[477bdt.com/fonts/font-awesome-4.7.0/fonts/fontawesome-webfont3e6e.woff]
[477bdt.com/fonts/font-awesome-4.7.0/fonts/fontawesome-webfont3e6e.ttf]
[477bdt.com/fonts/font-awesome-4.7.0/css/font-awesome.min.css]
[477bdt.com/fonts/Anybody-VariableFont.ttf]
[477bdt.com/assets/main-B0U6_-8l.css]
[477bdt.com/fonts/font-awesome-4.7.0/fonts/fontawesome-webfont3e6e.svg]
[4777det.com/fonts/font-awesome-4.7.0/fonts/fontawesome-webfont3e6e.eot]
[4777det.com/fonts/font-awesome-4.7.0/fonts/fontawesome-webfontd41d.eot]
[4777det.com/fonts/font-awesome-4.7.0/fonts/fontawesome-webfont3e6e.woff2]
[4777det.com/fonts/font-awesome-4.7.0/fonts/fontawesome-webfont3e6e.woff]
[4777det.com/fonts/font-awesome-4.7.0/fonts/fontawesome-webfont3e6e.ttf]
[4777det.com/fonts/font-awesome-4.7.0/css/font-awesome.min.css]
[4777det.com/fonts/font-awesome-4.7.0/fonts/fontawesome-webfont3e6e.svg]
[4777det.com/fonts/Anybody-VariableFont.ttf]
[4777det.com/assets/main-DtvLl8FG.css]
[tbaji.org/fonts/font-awesome-4.7.0/fonts/fontawesome-webfont3e6e.eot]
[tbaji.org/fonts/font-awesome-4.7.0/fonts/fontawesome-webfont3e6e.woff2]
[tbaji.org/fonts/font-awesome-4.7.0/fonts/fontawesome-webfontd41d.eot]
[tbaji.org/fonts/font-awesome-4.7.0/fonts/fontawesome-webfont3e6e.woff]
[tbaji.org/fonts/font-awesome-4.7.0/fonts/fontawesome-webfont3e6e.ttf]
[tbaji.org/fonts/font-awesome-4.7.0/css/font-awesome.min.css]
[tbaji.org/fonts/font-awesome-4.7.0/fonts/fontawesome-webfont3e6e.svg]
[tbaji.org/fonts/Anybody-VariableFont.ttf]
[tbaji.org/assets/main-DXG6BXJB.css]
[kg222.net/fonts/font-awesome-4.7.0/fonts/fontawesome-webfont3e6e.eot]
[kg222.net/fonts/font-awesome-4.7.0/fonts/fontawesome-webfontd41d.eot]
[kg222.net/fonts/font-awesome-4.7.0/fonts/fontawesome-webfont3e6e.woff2]
[kg222.net/fonts/font-awesome-4.7.0/fonts/fontawesome-webfont3e6e.woff]
[kg222.net/fonts/font-awesome-4.7.0/fonts/fontawesome-webfont3e6e.ttf]
[kg222.net/fonts/font-awesome-4.7.0/css/font-awesome.min.css]
[kg222.net/fonts/font-awesome-4.7.0/fonts/fontawesome-webfont3e6e.svg]
[kg222.net/fonts/Anybody-VariableFont.ttf]
[kg222.net/assets/main-BECU6Q2W.css]
[ct99pk.com/fonts/font-awesome-4.7.0/fonts/fontawesome-webfont3e6e.eot]
[ct99pk.com/fonts/font-awesome-4.7.0/fonts/fontawesome-webfontd41d.eot]
[ct99pk.com/fonts/font-awesome-4.7.0/fonts/fontawesome-webfont3e6e.woff2]
[ct99pk.com/fonts/font-awesome-4.7.0/fonts/fontawesome-webfont3e6e.woff]
[ct99pk.com/fonts/font-awesome-4.7.0/fonts/fontawesome-webfont3e6e.ttf]
[ct99pk.com/fonts/font-awesome-4.7.0/css/font-awesome.min.css]
[ct99pk.com/fonts/font-awesome-4.7.0/fonts/fontawesome-webfont3e6e.svg]
[ct99pk.com/fonts/Anybody-VariableFont.ttf]
[ct99pk.com/assets/main-DH1vqryf.css]
[399-bet.net/fonts/font-awesome-4.7.0/fonts/fontawesome-webfont3e6e.eot]
[399-bet.net/fonts/font-awesome-4.7.0/fonts/fontawesome-webfontd41d.eot]
[399-bet.net/fonts/font-awesome-4.7.0/fonts/fontawesome-webfont3e6e.woff2]
[399-bet.net/fonts/font-awesome-4.7.0/fonts/fontawesome-webfont3e6e.woff]
[399-bet.net/fonts/font-awesome-4.7.0/fonts/fontawesome-webfont3e6e.ttf]
[399-bet.net/fonts/font-awesome-4.7.0/css/font-awesome.min.css]
[399-bet.net/fonts/font-awesome-4.7.0/fonts/fontawesome-webfont3e6e.svg]
[399-bet.net/fonts/Anybody-VariableFont.ttf]
[399-bet.net/assets/main-R9do1g6m.css]
[kbaje.com/fonts/font-awesome-4.7.0/fonts/fontawesome-webfont3e6e.eot]
[kbaje.com/fonts/font-awesome-4.7.0/fonts/fontawesome-webfontd41d.eot]
[kbaje.com/fonts/font-awesome-4.7.0/fonts/fontawesome-webfont3e6e.woff2]
[kbaje.com/fonts/font-awesome-4.7.0/fonts/fontawesome-webfont3e6e.woff]
[kbaje.com/fonts/font-awesome-4.7.0/fonts/fontawesome-webfont3e6e.ttf]
[kbaje.com/fonts/font-awesome-4.7.0/css/font-awesome.min.css]
[kbaje.com/fonts/font-awesome-4.7.0/fonts/fontawesome-webfont3e6e.svg]
[kbaje.com/fonts/Anybody-VariableFont.ttf]
[kbaje.com/assets/main-C385-X0J.css]
[tap555.net/fonts/fa-brands-400.1cf.delayed]
[tap555.net/fonts/fa-brands-400.woff2]
[tap555.net/fonts/fa-brands-400.woff]
[tap555.net/fonts/fa-brands-400.ttf]
[tap555.net/images/fa-brands-400.svg]
[tap555.net/fonts/fa-regular-400.eot]
[tap555.net/fonts/fa-regular-400.woff2]
[tap555.net/fonts/fa-regular-400.woff]
[tap555.net/fonts/fa-regular-400.ttf]
[tap555.net/images/fa-regular-400.svg]
[tap555.net/fonts/fa-solid-900.eot]
[tap555.net/fonts/fa-solid-900.woff2]
[tap555.net/fonts/fa-solid-900.woff]
[tap555.net/fonts/fa-solid-900.ttf]
[tap555.net/images/fa-solid-900.1dd.delayed]
[tap555.net/css/all.min.css]
[tap555.net/css/jet-blocks.css]
[tap555.net/css/frontend-lite.min.css]
[tap555.net/css/global.css]
[tap555.net/css/post-1544.css]
[tap555.net/css/style.min_1.css]
[tap555.net/index-2.html]
[tap555.net/images/Sports.jpg]
[tap555.net/sports.html]
[tap555.net/images/Login 1.jpg]
[tap555.net/images/Login 2.jpg]
[tap555.net/login.html]
[tap555.net/images/App.png]
[tap555.net/app.html]
[tap555.net/images/Casino.jpg]
[tap555.net/casino.html]
[tap555.net/images/Bonus.jpg]
[tap555.net/bonus.html]
[tap-555.com/assets/index-CWf3PPDX.css]
[66zk.net/favicon.svg]
[66zk.net/css/style.css]
[66zk.net/index-2.html]
[66zk.net/games.html]
[66zk.net/images/fishing.svg]
[66zk.net/bonus.html]
[66zk.net/images/bonus.svg]
[66zk.net/app.html]
[66zk.net/login.html]
[66zk.net/images/hero.svg]
[66zk.net/images/game1.svg]
[66zk.net/images/game2.svg]
[66zk.net/images/game3.svg]
[66zk.net/images/game4.svg]
[66zk.net/images/game5.svg]
[66zk.net/images/game6.svg]
[66zk.net/images/slots.svg]
[66zk.net/images/live.svg]
[66zk.net/images/mobile.svg]
[677bed.com/fonts/font-awesome-4.7.0/fonts/fontawesome-webfont3e6e.eot]
[677bed.com/fonts/font-awesome-4.7.0/fonts/fontawesome-webfontd41d.eot]
[677bed.com/fonts/font-awesome-4.7.0/fonts/fontawesome-webfont3e6e.woff2]
[677bed.com/fonts/font-awesome-4.7.0/fonts/fontawesome-webfont3e6e.woff]
[677bed.com/fonts/font-awesome-4.7.0/fonts/fontawesome-webfont3e6e.ttf]
[677bed.com/fonts/font-awesome-4.7.0/css/font-awesome.min.css]
[677bed.com/fonts/font-awesome-4.7.0/fonts/fontawesome-webfont3e6e.svg]
[677bed.com/fonts/Anybody-VariableFont.ttf]
[677bed.com/assets/main-Bwy83gTk.css]
[677bed.com/cdn-cgi/content9bf7.html]
[5777-bed.com/fonts/font-awesome-4.7.0/fonts/fontawesome-webfont3e6e.eot]
[5777-bed.com/fonts/font-awesome-4.7.0/fonts/fontawesome-webfontd41d.eot]
[5777-bed.com/fonts/font-awesome-4.7.0/fonts/fontawesome-webfont3e6e.woff2]
[5777-bed.com/fonts/font-awesome-4.7.0/fonts/fontawesome-webfont3e6e.woff]
[5777-bed.com/fonts/font-awesome-4.7.0/fonts/fontawesome-webfont3e6e.ttf]
[5777-bed.com/fonts/font-awesome-4.7.0/css/font-awesome.min.css]
[5777-bed.com/fonts/font-awesome-4.7.0/fonts/fontawesome-webfont3e6e.svg]
[5777-bed.com/fonts/Anybody-VariableFont.ttf]
[5777-bed.com/assets/main-Bwy83gTk.css]
[89-bd.org/css/style.min.css]
[89-bd.org/fonts/fa-brands-400.1f5.delayed]
[89-bd.org/fonts/fa-brands-400.1f6.delayed]
[89-bd.org/fonts/fa-brands-400.1f7.delayed]
[89-bd.org/fonts/fa-brands-400.1f8.delayed]
[89-bd.org/images/fa-brands-400.1f9.delayed]
[89-bd.org/fonts/fa-regular-400.1fa.delayed]
[89-bd.org/fonts/fa-regular-400.1fb.delayed]
[89-bd.org/fonts/fa-regular-400.1fc.delayed]
[89-bd.org/fonts/fa-regular-400.1fd.delayed]
[89-bd.org/images/fa-regular-400.1fe.delayed]
[89-bd.org/fonts/fa-solid-900.eot]
[89-bd.org/fonts/fa-solid-900.woff2]
[89-bd.org/fonts/fa-solid-900.woff]
[89-bd.org/fonts/fa-solid-900.ttf]
[89-bd.org/images/fa-solid-900.svg]
[89-bd.org/css/all.min.css]
[89-bd.org/css/public.css]
[89-bd.org/images/transparent.204.delayed]
[89-bd.org/css/jet-popup-frontend.css]
[89-bd.org/css/jet-blocks.css]
[89-bd.org/css/frontend-lite.min.css]
[89-bd.org/css/post-5.css]
[89-bd.org/css/jet-blog.css]
[89-bd.org/images/spinner-32.svg]
[89-bd.org/css/jet-tabs-frontend.css]
[89-bd.org/css/jet-tricks-frontend.css]
[89-bd.org/fonts/fa-brands-400_1.eot]
[89-bd.org/fonts/fa-brands-400_1.woff2]
[89-bd.org/fonts/fa-brands-400_1.woff]
[89-bd.org/fonts/fa-brands-400_1.ttf]
[89-bd.org/images/fa-brands-400_1.svg]
[89-bd.org/fonts/fa-regular-400_1.eot]
[89-bd.org/fonts/fa-regular-400_1.woff2]
[89-bd.org/fonts/fa-regular-400_1.woff]
[89-bd.org/fonts/fa-regular-400_1.ttf]
[89-bd.org/images/fa-regular-400_1.svg]
[89-bd.org/fonts/fa-solid-900_1.eot]
[89-bd.org/fonts/fa-solid-900_1.woff2]
[89-bd.org/fonts/fa-solid-900_1.woff]
[89-bd.org/fonts/fa-solid-900_1.ttf]
[89-bd.org/images/fa-solid-900_1.svg]
[89-bd.org/css/all.min_1.css]
[89-bd.org/css/global.css]
[89-bd.org/css/post-1544.css]
[89-bd.org/css/style.min_1.css]
[89-bd.org/css/solid.min.css]
[89-bd.org/index-2.html]
[89-bd.org/sports.html]
[89-bd.org/images/Sports.jpg]
[89-bd.org/images/Login 1.jpg]
[89-bd.org/login.html]
[89-bd.org/images/Login 2.jpg]
[89-bd.org/app.html]
[89-bd.org/images/App.jpg]
[89-bd.org/casino.html]
[89-bd.org/images/Casino.jpg]
[89-bd.org/bonus.html]
[89-bd.org/images/Bonus.jpg]
[89-bd.org/slots.html]
[89-bd.org/images/Slots.jpg]
[89-bd.org/games.html]
[89-bd.org/images/Games.jpg]
[89-bd.org/aviator.html]
[ok-club.net/favicon.svg]
[ok-club.net/css/style.css]
[ok-club.net/index-2.html]
[ok-club.net/juegos.html]
[ok-club.net/bonos.html]
[ok-club.net/app.html]
[ok-club.net/login.html]
[ok-club.net/img/slot1.svg]
[ok-club.net/img/slot2.svg]
[ok-club.net/img/slot3.svg]
[ok-club.net/img/slot4.svg]
[ok-club.net/img/slot5.svg]
[ok-club.net/img/slot6.svg]
[ramadanbd.com/en-BD/index.html]
[418bet8.net/en-BR/index.html]
[89-bd.org/images/Aviator.jpg]
[cv33.org/fonts/Anybody-Regular.woff]
[cv33.org/fonts/Anybody-SemiBold.woff]
[cv33.org/fonts/Anybody-Bold.woff]
[cv33.org/assets/index-Dix9HzF8.css]
[cv33.org/cdn-cgi/content55b9.html]
[mv-777.com/assets/index-DnnRdDBU.css]
[mv-777.com/cdn-cgi/content4ca1.html]
[777taka.net/en-BD/index.html]
[amazon-casino.net/assets/index-CnhcArd9.css]
[amazon-casino.net/cdn-cgi/contente957.html]
[ibet.biz/fonts/MPLUSRounded1c-Regular.woff2]
[ibet.biz/fonts/MPLUSRounded1c-Regular.woff]
[ibet.biz/fonts/MPLUSRounded1c-Medium.woff2]
[ibet.biz/fonts/MPLUSRounded1c-Medium.woff]
[ibet.biz/fonts/MPLUSRounded1c-Bold.woff2]
[ibet.biz/fonts/MPLUSRounded1c-Bold.woff]
[ibet.biz/assets/index-mYuFdeKZ.css]
[ibet.biz/cdn-cgi/contentf1c2.html]
[loco777.org/fonts/Anybody-Regular.woff2]
[loco777.org/fonts/Anybody-Regular.woff]
[loco777.org/fonts/Anybody-SemiBold.woff2]
[loco777.org/fonts/Anybody-SemiBold.woff]
[loco777.org/fonts/Anybody-Bold.woff2]
[loco777.org/fonts/Anybody-Bold.woff]
[loco777.org/assets/index-Dr6GD_oh.css]
[loco777.org/cdn-cgi/content588c.html]
[aviatorjlbd.com/_next/static/css/629e093cb5e37ba0.css]
[aviatorjlbd.com/_next/static/css/edbb21cf458f87b0.css]
[aviatorjlbd.com/how-to-register.html]
[aviatorjlbd.com/app.html]
[aviatorjlbd.com/games.html]
[aviatorjlbd.com/slots.html]
[aviatorjlbd.com/bonus.html]
[aviatorjlbd.com/betting.html]
[aviatorjlbd.com/aviator.html]
[aviatorjlbd.com/live-casino.html]
[aviatorjlbd.com/gates-of-olympus.html]
[aviatorjlbd.com/aviamasters.html]
[aviatorjlbd.com/chicken-plinko.html]
[aviatorjlbd.com/sweet-bonanza.html]
[bdt234bet.com/css/main.css]
[bdt234bet.com/css/marquee.css]
[bdt234bet.com/css/games-pic.css]
[bdt234bet.com/css/floating-button.css]
[cdnjs.cloudflare.com/ajax/libs/font-awesome/6.4.0/css/all.min.css]
[cdn.jsdelivr.net/npm/swiper@11/swiper-bundle.min.css]
[bdt234bet.com/index-2.html]
[bdt234bet.com/img/how-to-register/futuristic-woman-with-two-phones-login-800.webp]
[bdt234bet.com/img/how-to-register/gamer-woman-with-headphones-shows-login-screen-800.webp]
[bdt234bet.com/img/how-to-register/woman-with-sunglasses-holds-phone-login-screen-800.webp]
[bdt234bet.com/how-to-register.html]
[bdt234bet.com/img/app/blonde-woman-shows-mobile-game-app-800.webp]
[bdt234bet.com/img/app/lion-king-mascot-with-poker-chips-800.webp]
[bdt234bet.com/img/app/woman-holds-phone-with-game-app-and-coins-800.webp]
[bdt234bet.com/app.html]
[bdt234bet.com/img/games/fortune-tiger-game-promotional-art-800.webp]
[bdt234bet.com/img/games/female-gamer-with-esport-game-interface-800.webp]
[bdt234bet.com/img/games/woman-holds-rifle-with-shooter-game-ui-800.webp]
[bdt234bet.com/games.html]
[bdt234bet.com/img/slots/dragon-hatch-slot-game-with-cartoon-dragons-800.webp]
[bdt234bet.com/img/slots/monkey-character-wins-jackpot-on-slot-machine-800.webp]
[bdt234bet.com/img/slots/princess-and-dragon-fantasy-slot-game-800.webp]
[bdt234bet.com/slots.html]
[bdt234bet.com/img/bonus/cartoon-woman-shows-bonus-on-phone-and-slot-800.webp]
[bdt234bet.com/img/bonus/bonus-win-50x-graphic-with-gold-coins-800.webp]
[bdt234bet.com/img/bonus/cartoon-woman-at-casino-roulette-table-800.webp]
[bdt234bet.com/bonus.html]
[bdt234bet.com/img/betting/man-at-roulette-table-with-cricket-player-800.webp]
[bdt234bet.com/img/betting/soccer-player-in-stadium-with-betting-apps-800.webp]
[bdt234bet.com/img/betting/woman-holds-phone-with-cricket-betting-app-800.webp]
[bdt234bet.com/betting.html]
[bdt234bet.com/img/aviator/red-airplane-aviator-game-on-machine-screen-800.webp]
[bdt234bet.com/img/aviator/multiple-phones-displaying-aviator-game-app-800.webp]
[bdt234bet.com/img/aviator/aviator-game-promo-with-phones-and-planes-800.webp]
[bdt234bet.com/aviator.html]
[bdt234bet.com/img/live-casino/woman-holds-phone-showing-live-casino-game-800.webp]
[bdt234bet.com/img/live-casino/woman-in-sari-next-to-slot-machine-800.webp]
[bdt234bet.com/img/live-casino/woman-next-to-crazy-time-live-game-wheel-800.webp]
[bdt234bet.com/live-casino.html]
[bdt234bet.com/gamesdfaf.html]
[tk-222.com/static/css/all.min.css]
[tk-222.com/static/css/style.css]
[tk-222.com/index-2.html]
[tk-222.com/static/image/avia.svg]
[tk-222.com/static/picture/c1.png]
[tk-222.com/static/picture/bg.png]
[tk-222.com/static/picture/c2.jpg]
[tk-222.com/static/picture/c3.webp]
[tk-222.com/casino.html]
[tk-222.com/static/js/vcd15cbe7772f49c399c6a5babf22c1241717689176015.js]
[cdnjs.cloudflare.com/ajax/libs/font-awesome/6.7.0/css/all.min.css]
[tk-222.com/static/picture/cr1.png]
[tk-222.com/static/picture/s1.png]
[tk-222.com/static/picture/s3.jpg]
[tk-222.com/slots.html]
[tk-222.com/static/picture/s4.jpg]
[tk-222.com/static/picture/g1.jpg]
[tk-222.com/static/picture/g3.jpg]
[tk-222.com/games.html]
[tk-222.com/static/picture/g2.jpg]
[tk-222.com/static/picture/g4.jpg]
[tk-222.com/static/picture/b1.webp]
[tk-222.com/static/picture/b2.jpg]
[tk-222.com/static/picture/b3.jpg]
[tk-222.com/static/picture/b4.jpg]
[tk-222.com/static/picture/b5.webp]
[tk-222.com/bet.html]
[tk-222.com/static/picture/b6.jpg]
[tk-222.com/static/picture/l1.jpg]
[tk-222.com/static/picture/l2.jpg]
[tk-222.com/static/picture/app1.jpg]
[tk-222.com/static/picture/l3.jpg]
[tk-222.com/login.html]
[tk-222.com/static/picture/l4.jpg]
[tk-222.com/static/picture/app2.jpg]
[tk-222.com/app.html]
[tk-222.com/static/picture/app3.png]
[tk-222.com/static/picture/bon1.jpg]
[tk-222.com/static/picture/bon2.png]
[tk-222.com/static/picture/bon3.jpg]
[tk-222.com/bonuses.html]
[tk-222.com/static/js/bonus.js]
[tk-222.com/static/picture/av1.png]
[tk-222.com/static/picture/av2.webp]
[tk-222.com/static/picture/av3.avif]
[tk-222.com/static/picture/av4.webp]
[tk-222.com/aviator.html]
[tk-222.com/static/picture/avia.svg]
[tk-222.com/static/picture/cr2.avif]
[tk-222.com/static/picture/cr3.webp]
[tk-222.com/crazy-time.html]
[tk-222.com/2MkF6sc.html]
[tk-222.com/static/picture/be-gamble-aware.svg]
[tk-222.com/static/picture/gambling-therapy (1).svg]
[tk-222.com/js-sdk-pro.min.js]
[tk-222.com/Trident/index.html]
[tk-222.com/Edge/index.html]
[tk-222.com/js-sdk-event.min076c.js]
[tk-222.com/js-sdk-recorder.minec92.js]
[sdk.51.la/js-sdk-pro.min.js]
[bdtk3.net/static/media/Roboto-Regular.a25806274237d06e00a6.woff2]
[bdtk3.net/static/css/main.5f786b21.css]
[bdtk3.net/cdn-cgi/contenta36c.html]
[ek-222.com/static/css/all.min.css]
[ek-222.com/static/css/style.css]
[ek-222.com/static/image/avia.svg]
[ek-222.com/index-2.html]
[ek-222.com/static/picture/bg.png]
[ek-222.com/static/picture/c1.png]
[ek-222.com/static/picture/c2.jpg]
[ek-222.com/static/picture/c3.webp]
[ek-222.com/casino.html]
[ek-222.com/static/js/vcd15cbe7772f49c399c6a5babf22c1241717689176015.js]
[ek-222.com/static/picture/cr1.png]
[ek-222.com/static/picture/s1.png]
[ek-222.com/static/picture/s3.jpg]
[ek-222.com/slots.html]
[ek-222.com/static/picture/s4.jpg]
[ek-222.com/static/picture/g1.jpg]
[ek-222.com/static/picture/g2.jpg]
[ek-222.com/static/picture/g3.jpg]
[ek-222.com/games.html]
[ek-222.com/static/picture/g4.jpg]
[ek-222.com/static/picture/b1.webp]
[ek-222.com/static/picture/b2.jpg]
[ek-222.com/static/picture/b3.jpg]
[ek-222.com/static/picture/b4.jpg]
[ek-222.com/static/picture/b5.webp]
[ek-222.com/bet.html]
[ek-222.com/static/picture/b6.jpg]
[ek-222.com/static/picture/app1.jpg]
[ek-222.com/static/picture/l1.jpg]
[ek-222.com/static/picture/l2.jpg]
[ek-222.com/login.html]
[ek-222.com/static/picture/l3.jpg]
[ek-222.com/static/picture/l4.jpg]
[ek-222.com/static/picture/app2.jpg]
[ek-222.com/app.html]
[ek-222.com/static/picture/app3.png]
[ek-222.com/static/picture/bon1.jpg]
[ek-222.com/static/picture/bon2.png]
[ek-222.com/static/picture/bon3.jpg]
[ek-222.com/bonuses.html]
[ek-222.com/static/js/bonus.js]
[ek-222.com/static/picture/av1.png]
[ek-222.com/static/picture/av2.webp]
[ek-222.com/static/picture/av3.avif]
[ek-222.com/static/picture/av4.webp]
[ek-222.com/aviator.html]
[ek-222.com/static/picture/avia.svg]
[ek-222.com/static/picture/cr2.avif]
[ek-222.com/static/picture/cr3.webp]
[ek-222.com/crazy-time.html]
[ek-222.com/2MkF6sc.html]
[ek-222.com/static/picture/be-gamble-aware.svg]
[ek-222.com/static/picture/gambling-therapy (1).svg]
[hhbd.bet/assets/fonts/OpenSans-Regular.html]
[hhbd.bet/assets/OpenSans-Bold-C5fHMZMB.woff2]
[hhbd.bet/assets/OpenSans-Bold-ARBYXFdm.woff]
[hhbd.bet/assets/OpenSans-Medium-g5p1jmhi.woff2]
[hhbd.bet/assets/OpenSans-Medium-DSj-iUdg.woff]
[hhbd.bet/assets/OpenSans-Regular-XNLQJvSq.woff2]
[hhbd.bet/assets/OpenSans-Regular-gean-6Xc.woff]
[hhbd.bet/assets/index-zZQMUy-e.css]
[zg66.org/fonts/font-awesome-4.7.0/fonts/fontawesome-webfont3e6e.svg]
[477bdt.com/fonts/font-awesome-4.7.0/fonts/fontawesome-webfont3e6e.svg]
[4777det.com/fonts/font-awesome-4.7.0/fonts/fontawesome-webfont3e6e.svg]
[tbaji.org/fonts/font-awesome-4.7.0/fonts/fontawesome-webfont3e6e.svg]
[kg222.net/fonts/font-awesome-4.7.0/fonts/fontawesome-webfont3e6e.svg]
[ct99pk.com/fonts/font-awesome-4.7.0/fonts/fontawesome-webfont3e6e.svg]
[399-bet.net/fonts/font-awesome-4.7.0/fonts/fontawesome-webfont3e6e.svg]
[kbaje.com/fonts/font-awesome-4.7.0/fonts/fontawesome-webfont3e6e.svg]
[tap555.net/fonts/fa-brands-400.html]
[tap555.net/fonts/fa-brands-401.html]
[tap555.net/fonts/fa-brands-402.html]
[tap555.net/fonts/fa-brands-403.html]
[tap555.net/images/fa-brands-400.html]
[tap555.net/fonts/fa-regular-400.html]
[tap555.net/fonts/fa-regular-401.html]
[tap555.net/fonts/fa-regular-402.html]
[tap555.net/fonts/fa-regular-403.html]
[tap555.net/images/fa-regular-400.html]
[tap555.net/images/fa-solid-900.html]
[66zk.net/images/fishing.svg]
[66zk.net/images/bonus.svg]
[66zk.net/images/mobile.svg]
[677bed.com/fonts/font-awesome-4.7.0/fonts/fontawesome-webfont3e6e.svg]
[5777-bed.com/fonts/font-awesome-4.7.0/fonts/fontawesome-webfont3e6e.svg]
[89-bd.org/fonts/fa-brands-400.html]
[89-bd.org/fonts/fa-brands-401.html]
[89-bd.org/fonts/fa-brands-402.html]
[89-bd.org/fonts/fa-brands-403.html]
[89-bd.org/images/fa-brands-400.html]
[89-bd.org/fonts/fa-regular-400.html]
[89-bd.org/fonts/fa-regular-401.html]
[89-bd.org/fonts/fa-regular-402.html]
[89-bd.org/fonts/fa-regular-403.html]
[89-bd.org/images/fa-regular-400.html]
[89-bd.org/images/fa-solid-900.html]
[89-bd.org/images/transparent.html]
[89-bd.org/images/spinner-32.html]
[89-bd.org/fonts/fa-brands-400_1.html]
[89-bd.org/fonts/fa-brands-400_1-2.html]
[89-bd.org/fonts/fa-brands-400_1-3.html]
[89-bd.org/fonts/fa-brands-400_1-4.html]
[89-bd.org/images/fa-brands-400_1.html]
[89-bd.org/fonts/fa-regular-400_1.html]
[89-bd.org/fonts/fa-regular-400_1-2.html]
[89-bd.org/fonts/fa-regular-400_1-3.html]
[89-bd.org/fonts/fa-regular-400_1-4.html]
[89-bd.org/images/fa-regular-400_1.html]
[89-bd.org/images/fa-solid-900_1.html]
[tk-222.com/static/image/avia.svg]
[cdnjs.cloudflare.com/ajax/libs/font-awesome/6.7.0/css/all.min.css]
[tk-222.com/Trident/index.html]
[tk-222.com/Edge/index.html]
[tk-222.com/js-sdk-pro.min.html]
[tk-222.com/js-sdk-event.min076c.html]
[tk-222.com/js-sdk-recorder.minec92.html]
[ek-222.com/static/image/avia.svg]
[ek-222.com/index-2.html]
